// Jest Snapshot v1, https://goo.gl/fbAQLP

exports[`Input.Mask should render component with error status 1`] = `
<styled.div
  focused={false}
  theme={
    Object {
      "color": Object {
        "neutral": Object {
          "50": "",
        },
      },
    }
  }
  width="100%"
>
  <Component
    additionalText="Ошибка"
    focused={false}
    label="Введите номер телефона"
    mask="+7(999) 999 9999"
    onChange={[Function]}
    placeholder=""
    setFocused={[Function]}
    size="big"
    status="error"
    value=""
    width="100%"
  />
</styled.div>
`;

exports[`Input.Mask should render component with error status 2`] = `
<styled.div
  focused={false}
  theme={
    Object {
      "color": Object {
        "neutral": Object {
          "50": "",
        },
      },
    }
  }
  width="100%"
>
  <Component
    additionalText="Ошибка"
    focused={false}
    label="Введите номер телефона"
    mask="+7(999) 999 9999"
    onChange={[Function]}
    placeholder=""
    setFocused={[Function]}
    size="big"
    status="error"
    value=""
    width="100%"
  />
</styled.div>
`;
