// Jest Snapshot v1, https://goo.gl/fbAQLP

exports[`MultiButton should render component with required props 1`] = `
<OutsideClickHandler
  disabled={false}
  display="block"
  onOutsideClick={[Function]}
  useCapture={true}
>
  <styled.div
    onKeyDown={[Function]}
  >
    <styled.div
      kind="primary"
      theme={Object {}}
    >
      <Styled(Component)
        kind="primary"
        onClick={[Function]}
        size="big"
        theme={Object {}}
      >
        zoo
      </Styled(Component)>
      <styled.div
        size="big"
      />
      <Styled(Component)
        kind="primary"
        onClick={[Function]}
        size="big"
        theme={Object {}}
      >
        <ReactComponent
          height={24}
          width={24}
        />
      </Styled(Component)>
    </styled.div>
    <Styled(OverflowMenu)
      hideDropdownIndicator={true}
      innerRef={
        Object {
          "current": null,
        }
      }
      list={
        Array [
          Object {
            "label": "foo",
            "value": 2,
          },
          Object {
            "label": "bar",
            "value": 3,
          },
          Object {
            "label": "baz",
            "value": 4,
          },
        ]
      }
      menu={
        Object {
          "alignment": "right",
          "opened": false,
        }
      }
      onChange={[Function]}
      value={
        Object {
          "label": "zoo",
          "value": 1,
        }
      }
    />
  </styled.div>
</OutsideClickHandler>
`;
